c:\users\jarredizkool\desktop\jarreds-bytebeat-composer\jarredsbeatcomposer\debug\jarredsbeatcomposer.pch
c:\users\jarredizkool\desktop\jarreds-bytebeat-composer\jarredsbeatcomposer\debug\vc120.pdb
c:\users\jarredizkool\desktop\jarreds-bytebeat-composer\jarredsbeatcomposer\debug\vc120.idb
c:\users\jarredizkool\desktop\jarreds-bytebeat-composer\jarredsbeatcomposer\debug\stdafx.obj
c:\users\jarredizkool\desktop\jarreds-bytebeat-composer\jarredsbeatcomposer\debug\bytebeatengine.obj
c:\users\jarredizkool\desktop\jarreds-bytebeat-composer\jarredsbeatcomposer\debug\bytebeatlexer.obj
c:\users\jarredizkool\desktop\jarreds-bytebeat-composer\jarredsbeatcomposer\debug\bytebeatlibrarypane.obj
c:\users\jarredizkool\desktop\jarreds-bytebeat-composer\jarredsbeatcomposer\debug\bytebeatplayer.obj
c:\users\jarredizkool\desktop\jarreds-bytebeat-composer\jarredsbeatcomposer\debug\childfrm.obj
c:\users\jarredizkool\desktop\jarreds-bytebeat-composer\jarredsbeatcomposer\debug\frequencydlg.obj
c:\users\jarredizkool\desktop\jarreds-bytebeat-composer\jarredsbeatcomposer\debug\jarredsbeatcomposer.obj
c:\users\jarredizkool\desktop\jarreds-bytebeat-composer\jarredsbeatcomposer\debug\jarredsbeatcomposerdoc.obj
c:\users\jarredizkool\desktop\jarreds-bytebeat-composer\jarredsbeatcomposer\debug\jarredsbeatcomposerview.obj
c:\users\jarredizkool\desktop\jarreds-bytebeat-composer\jarredsbeatcomposer\debug\mainfrm.obj
c:\users\jarredizkool\desktop\jarreds-bytebeat-composer\jarredsbeatcomposer\debug\outputwnd.obj
c:\users\jarredizkool\desktop\jarreds-bytebeat-composer\jarredsbeatcomposer\debug\splashscreen.obj
c:\users\jarredizkool\desktop\jarreds-bytebeat-composer\jarredsbeatcomposer\debug\wavexporter.obj
c:\users\jarredizkool\desktop\jarreds-bytebeat-composer\jarredsbeatcomposer\debug\wavexporterdlg.obj
c:\users\jarredizkool\desktop\jarreds-bytebeat-composer\jarredsbeatcomposer\debug\writer16_32.obj
c:\users\jarredizkool\desktop\jarreds-bytebeat-composer\jarredsbeatcomposer\debug\jarredsbeatcomposer.res
c:\users\jarredizkool\desktop\jarreds-bytebeat-composer\debug\jarredsbeatcomposer.exe
c:\users\jarredizkool\desktop\jarreds-bytebeat-composer\jarredsbeatcomposer\debug\jarredsb.ce0d2ae9.tlog\cl.command.1.tlog
c:\users\jarredizkool\desktop\jarreds-bytebeat-composer\jarredsbeatcomposer\debug\jarredsb.ce0d2ae9.tlog\cl.read.1.tlog
c:\users\jarredizkool\desktop\jarreds-bytebeat-composer\jarredsbeatcomposer\debug\jarredsb.ce0d2ae9.tlog\cl.write.1.tlog
c:\users\jarredizkool\desktop\jarreds-bytebeat-composer\jarredsbeatcomposer\debug\jarredsb.ce0d2ae9.tlog\link.command.1.tlog
c:\users\jarredizkool\desktop\jarreds-bytebeat-composer\jarredsbeatcomposer\debug\jarredsb.ce0d2ae9.tlog\link.read.1.tlog
c:\users\jarredizkool\desktop\jarreds-bytebeat-composer\jarredsbeatcomposer\debug\jarredsb.ce0d2ae9.tlog\link.write.1.tlog
c:\users\jarredizkool\desktop\jarreds-bytebeat-composer\jarredsbeatcomposer\debug\jarredsb.ce0d2ae9.tlog\rc.command.1.tlog
c:\users\jarredizkool\desktop\jarreds-bytebeat-composer\jarredsbeatcomposer\debug\jarredsb.ce0d2ae9.tlog\rc.read.1.tlog
c:\users\jarredizkool\desktop\jarreds-bytebeat-composer\jarredsbeatcomposer\debug\jarredsb.ce0d2ae9.tlog\rc.write.1.tlog
